#!/bin/sh
export KUBERNETES_CONFIGURATION='8 value with "quotes" and spaces'

HOME="$(mktemp -d)" exec cml-runner \
   --name '10 value with "quotes" and spaces' \
   --labels '16 value with "quotes" and spaces' \
   --idle-timeout 11 \
   --driver '15 value with "quotes" and spaces' \
   --repo '14 value with "quotes" and spaces' \
   --token '13 value with "quotes" and spaces' \
   --single \
   --tf-resource eyJtb2RlIjoibWFuYWdlZCIsInR5cGUiOiJpdGVyYXRpdmVfY21sX3J1bm5lciIsIm5hbWUiOiJydW5uZXIiLCJwcm92aWRlciI6InByb3ZpZGVyW1wicmVnaXN0cnkudGVycmFmb3JtLmlvL2l0ZXJhdGl2ZS9pdGVyYXRpdmVcIl0iLCJpbnN0YW5jZXMiOlt7InByaXZhdGUiOiIiLCJzY2hlbWFfdmVyc2lvbiI6MCwiYXR0cmlidXRlcyI6eyJuYW1lIjoiMTAgdmFsdWUgd2l0aCBcInF1b3Rlc1wiIGFuZCBzcGFjZXMiLCJsYWJlbHMiOiIiLCJpZGxlX3RpbWVvdXQiOjExLCJyZXBvIjoiIiwidG9rZW4iOiIiLCJkcml2ZXIiOiIiLCJjbG91ZCI6Imt1YmVybmV0ZXMiLCJjdXN0b21fZGF0YSI6IiIsImlkIjoiIiwiaW1hZ2UiOiIiLCJpbnN0YW5jZV9ncHUiOiIiLCJpbnN0YW5jZV9oZGRfc2l6ZSI6MTIsImluc3RhbmNlX2lwIjoiIiwiaW5zdGFuY2VfbGF1bmNoX3RpbWUiOiIiLCJpbnN0YW5jZV90eXBlIjoiIiwicmVnaW9uIjoiOSB2YWx1ZSB3aXRoIFwicXVvdGVzXCIgYW5kIHNwYWNlcyIsInNzaF9uYW1lIjoiIiwic3NoX3ByaXZhdGUiOiIiLCJzc2hfcHVibGljIjoiIiwiYXdzX3NlY3VyaXR5X2dyb3VwIjoiIn19XX0=
