#!/bin/bash
sudo mkdir --parents /opt/task/directory
chmod u=rwx,g=rwx,o=rwx /opt/task/directory

base64 --decode << END | sudo tee /usr/bin/tpi-task > /dev/null
Cg==
END
chmod u=rwx,g=rx,a=rx /usr/bin/tpi-task

sudo tee /usr/bin/tpi-task-shutdown << 'END'
#!/bin/bash
sleep 20; while pgrep rclone > /dev/null; do sleep 1; done
source /opt/task/credentials
(systemctl is-system-running | grep stopping) || leo stop --cloud="$TPI_TASK_CLOUD_PROVIDER" --region="$TPI_TASK_CLOUD_REGION" "$TPI_TASK_IDENTIFIER";
END

chmod u=rwx,g=rx,o=rx /usr/bin/tpi-task-shutdown

base64 --decode << END | sudo tee /opt/task/variables > /dev/null
S0VZPSJWQUxVRSIK
END
base64 --decode << END | sudo tee /opt/task/credentials > /dev/null
ZXhwb3J0IFNFQ1JFVD1WQUxVRQo=
END
chmod u=rw,g=,o= /opt/task/variables
chmod u=rw,g=,o= /opt/task/credentials

while IFS= read -rd $'\0' variable; do
  export "$(perl -0777p -e 's/\\"/"/g;' -e 's/(.+?)="(.+)"/$1=$2/sg' <<< "$variable")"
done < <(perl -0777pe 's/\n*(.+?=".*?((?<!\\)"|\\\\"))\n*/$1\x00/sg' /opt/task/variables)

TPI_MACHINE_IDENTITY="$(uuidgen)"
TPI_LOG_DIRECTORY="$(mktemp --directory)"
TPI_DATA_DIRECTORY="/opt/task/directory"

TPI_START_COMMAND="/bin/bash -lc 'exec /usr/bin/tpi-task'"
TPI_REMAINING_RUN_TIME=$((1659919333-$(date +%s)))
if (( TPI_REMAINING_RUN_TIME < 1 )); then
  TPI_START_COMMAND="/bin/bash -c 'sleep infinity'"
  TPI_REMAINING_RUN_TIME=1
fi

source /opt/task/credentials

sudo tee /etc/systemd/system/tpi-task.service > /dev/null <<END
[Unit]
  After=default.target
[Service]
  Type=simple
  ExecStart=-$TPI_START_COMMAND
  ExecStop=/bin/bash -c 'source /opt/task/credentials; systemctl is-system-running | grep stopping || echo "{\\\\"result\\\\": \\\\"\$SERVICE_RESULT\\\\", \\\\"code\\\\": \\\\"\$EXIT_STATUS\\\\", \\\\"status\\\\": \\\\"\$EXIT_CODE\\\\"}" > "$TPI_LOG_DIRECTORY/status-$TPI_MACHINE_IDENTITY" && RCLONE_CONFIG= rclone copy "$TPI_LOG_DIRECTORY" "\$RCLONE_REMOTE/reports"'
  ExecStopPost=/usr/bin/tpi-task-shutdown
  Environment=HOME=/root
  EnvironmentFile=/opt/task/variables
  WorkingDirectory=/opt/task/directory
  RuntimeMaxSec=$TPI_REMAINING_RUN_TIME
[Install]
  WantedBy=default.target
END

curl --location --remote-name https://github.com/iterative/terraform-provider-iterative/releases/latest/download/leo_linux_amd64
sudo mv leo* /usr/bin/leo
sudo chmod u=rwx,g=rx,o=rx /usr/bin/leo
sudo chown root:root /usr/bin/leo

curl --location --remote-name https://github.com/iterative/cml/releases/latest/download/cml-linux
chmod u=rwx,g=rx,o=rx cml-linux
sudo mv cml-linux /usr/bin/cml

extract_here(){
  if command -v unzip 2>&1 > /dev/null; then
    unzip "$1"
  elif command -v python3 2>&1 > /dev/null; then
    python3 -m zipfile -e "$1" .
  else
    python -m zipfile -e "$1" .
  fi
}

if ! command -v rclone 2>&1 > /dev/null; then
  curl --remote-name https://downloads.rclone.org/rclone-current-linux-amd64.zip
  extract_here rclone-current-linux-amd64.zip
  sudo cp rclone-*-linux-amd64/rclone /usr/bin
  sudo chmod u=rwx,g=rx,o=rx /usr/bin/rclone
  sudo chown root:root /usr/bin/rclone
  rm --recursive rclone-*-linux-amd64*
fi

rclone copy "$RCLONE_REMOTE/data" /opt/task/directory

yes | /etc/profile.d/install-driver-prompt.sh # for GCP GPU machines

# FIX NVIDIA APT GPG KEYS (https://github.com/NVIDIA/cuda-repo-management/issues/1#issuecomment-1111490201) ðŸ¤¬
if test -f /etc/apt/sources.list.d/cuda.list; then
  for list in cuda nvidia-ml; do mv /etc/apt/sources.list.d/$list.list{,.backup}; done
  apt-get update
  apt-get install --yes gpg
  apt-key del 7fa2af80
  apt-key adv --fetch-keys http://developer.download.nvidia.com/compute/cuda/repos/ubuntu1604/x86_64/3bf863cc.pub
  apt-key adv --fetch-keys https://developer.download.nvidia.com/compute/machine-learning/repos/ubuntu1404/x86_64/7fa2af80.pub
  for list in cuda nvidia-ml; do mv /etc/apt/sources.list.d/$list.list{.backup,}; done
fi

sudo systemctl daemon-reload
sudo systemctl enable tpi-task.service --now
sudo systemctl disable --now apt-daily.timer

while sleep 5; do
  test -n "$TPI_MACHINE_LOGS" && journalctl > "$TPI_LOG_DIRECTORY/machine-$TPI_MACHINE_IDENTITY"
  journalctl --all --no-hostname --output=short-iso --quiet --unit=tpi-task --utc | sed 's/^\([0-9-]*\)T\([0-9:]*\)+0000 \S*: \(.*\)/\1T\2Z \3/g' > "$TPI_LOG_DIRECTORY/task-$TPI_MACHINE_IDENTITY"
  NEW_TPI_LOG_DIRECTORY_HASH="$(md5sum "$TPI_LOG_DIRECTORY"/*)"
  if test "$NEW_TPI_LOG_DIRECTORY_HASH" != "$TPI_LOG_DIRECTORY_HASH"; then
    TPI_LOG_DIRECTORY_HASH="$NEW_TPI_LOG_DIRECTORY_HASH"
    rclone sync "$TPI_LOG_DIRECTORY" "$RCLONE_REMOTE/reports"
  fi
done &

while sleep 10; do
  NEW_TPI_DATA_DIRECTORY_EPOCH="$(find "$TPI_DATA_DIRECTORY" -printf "%T@\n" | sort | tail -1)"
  if test "$NEW_TPI_DATA_DIRECTORY_EPOCH" != "$TPI_DATA_DIRECTORY_EPOCH"; then
    TPI_DATA_DIRECTORY_EPOCH="$NEW_TPI_DATA_DIRECTORY_EPOCH"
    rclone sync "$TPI_DATA_DIRECTORY" "$RCLONE_REMOTE/data"
  fi
done &
